export const snapshot = {};

snapshot[`vimeo links > is 1`] = `"121284607"`;

snapshot[`vimeo links > is not 1`] = `undefined`;

snapshot[`vimeo links > is not 2`] = `undefined`;

snapshot[`vimeo links > is not 3`] = `undefined`;

snapshot[`vimeo links > is not 4`] = `undefined`;
